// Vitest Snapshot v1, https://vitest.dev/guide/snapshot.html

exports[`ErrorPanel > renders the component properly 1`] = `"<v-panel-stub separator="true" titleorientation="row" bgcolor="bg-secondary/80" class="max-w-md"></v-panel-stub>"`;
