// Vitest Snapshot v1, https://vitest.dev/guide/snapshot.html

exports[`ForecastDetailsPanel > renders the component properly 1`] = `
"<div class="w-full px-2 py-3 mx-4 sm:mx-0 sm:p-6 bg-secondary min-w-80 max-w-4xl sm:p-4 md:p-6 md:m-4 lg:m-0">
  <!--v-if-->
  <!--v-if-->
  <div class="flex flex-col sm:flex-row">
    <router-link class="sm:mt-2"></router-link>
    <div class="flex flex-col flex-grow mt-4 sm:mt-0 sm:ml-2">
      <div class="flex justify-start"><span class="text-7xl sm:text-8xl leading-none align-text-top">20º </span>
        <div class="ml-2 sm:ml-4 flex flex-col mt-1 text-primary">
          <div class="w-max text-lg font-light border-gray sm:border-l sm:pl-2">1 Thursday</div>
          <div class="mt-4 flex items-center text-primary text-sm leading-6 font-light">
            <div><span class="w-8"><!--?xml version="1.0" encoding="iso-8859-1"?-->
<!-- Generator: Adobe Illustrator 19.0.0, SVG Export Plug-In . SVG Version: 6.00 Build 0)  -->
<svg version="1.1" id="Layer_1" xmlns="http://www.w3.org/2000/svg" xmlns:xlink="http://www.w3.org/1999/xlink" x="0px" y="0px" viewBox="0 0 481.306 481.306" style="enable-background:new 0 0 481.306 481.306;" xml:space="preserve">
<g>
	<ellipse style="fill:#FCB641;" cx="341.632" cy="233.229" rx="136" ry="133.456"></ellipse>
	<path style="fill:#FCB641;" d="M336,65.453c-4.416,0-8-3.584-8-8v-48c0-4.416,3.584-8,8-8s8,3.584,8,8v48
		C344,61.869,340.416,65.453,336,65.453z"></path>
	<path style="fill:#FCB641;" d="M439.36,98.757c-2.048,0-4.096-0.784-5.656-2.344c-3.128-3.128-3.128-8.184,0-11.312l33.944-33.944
		c3.128-3.128,8.184-3.128,11.312,0s3.128,8.184,0,11.312l-33.944,33.944C443.456,97.973,441.408,98.757,439.36,98.757z"></path>
	<path style="fill:#FCB641;" d="M208.968,122.421c-2.048,0-4.096-0.784-5.656-2.344l-33.936-33.936
		c-3.128-3.128-3.128-8.184,0-11.312s8.184-3.128,11.312,0l33.936,33.936c3.128,3.128,3.128,8.184,0,11.312
		C213.064,121.637,211.016,122.421,208.968,122.421z"></path>
</g>
<path style="fill:#92C7D3;" d="M426.208,361.453c-1.12,0-42.648,0-42.648,0c0.744-8,1.24-8.688,1.256-13.472
	c0.128-42.672-28.36-79.952-70.032-89.136c-23.752-5.232-46.424-1.368-65.184,8.76c-22.888-34.064-60.808-57.04-104.272-59.696
	c-5.592-0.768-11.256-1.224-17.056-1.224C57.432,206.685,0,265.949,0,339.005c0,38.072,15.688,72.304,40.648,96.44
	c22.072,24.488,52.72,40.312,89.008,42.944c0,0,295.432,1.464,296.552,1.464c29.712,0,53.792-27.208,53.792-59.208
	C480,388.661,455.912,361.453,426.208,361.453z"></path>
<g>
</g>
<g>
</g>
<g>
</g>
<g>
</g>
<g>
</g>
<g>
</g>
<g>
</g>
<g>
</g>
<g>
</g>
<g>
</g>
<g>
</g>
<g>
</g>
<g>
</g>
<g>
</g>
<g>
</g>
</svg>
</span></div>
            <div class="flex flex-col ml-2"><span class="capitalize">overcast clouds</span><span> Fees like: 11º </span></div>
          </div>
        </div>
        <div class="ml-1 sm:ml-4 self-end sm:self-auto">
          <div class="flex flex-col sm:h-full pl-3 sm:pl-2 border-gray border-l text-lg leading-5 font-light">
            <div><span class="font-light">Min</span>: <span class="font-bold">13º</span></div>
            <div><span class="font-light">Max</span>: <span class="font-bold">13º</span></div>
          </div>
        </div>
      </div>
      <div class="flex flex-col sm:flex-row sm:justify-between flex-wrap">
        <div class="text-3xl sm:text-5xl leading-none font-normal mb-4">Berlin</div>
        <div class="mt-4 sm:mt-0 flex flex-col sm:flex-row">
          <div class="flex flex-col items-center border-t sm:border-t-0 sm:border-r border-gray border-dotted sm:border-solid pt-2 sm:pt-0 sm:pr-2 sm:mr-2">
            <div class="flex"><svg xmlns="http://www.w3.org/2000/svg" width="24" height="24" fill="none">
                <path fill="#77B9C8" d="M20.571 6a3.43 3.43 0 0 0-3.428 3.429.857.857 0 1 0 1.714 0c0-.946.77-1.715 1.714-1.715.945 0 1.714.77 1.714 1.715s-.769 1.714-1.714 1.714H.925a.857.857 0 1 0 0 1.714H20.57A3.43 3.43 0 0 0 24 9.43 3.43 3.43 0 0 0 20.57 6"></path>
                <path fill="#77B9C8" d="M.857 9.429H12A3.43 3.43 0 0 0 15.429 6 3.43 3.43 0 0 0 12 2.571 3.43 3.43 0 0 0 8.571 6a.857.857 0 1 0 1.715 0c0-.945.769-1.714 1.714-1.714s1.714.769 1.714 1.714S12.945 7.714 12 7.714H.857a.857.857 0 1 0 0 1.715M12 14.571H.857a.857.857 0 1 0 0 1.715H12c.945 0 1.714.768 1.714 1.714 0 .945-.769 1.714-1.714 1.714A1.716 1.716 0 0 1 10.286 18a.857.857 0 1 0-1.715 0A3.43 3.43 0 0 0 12 21.429 3.43 3.43 0 0 0 15.429 18 3.43 3.43 0 0 0 12 14.571"></path>
              </svg>
              <div class="ml-2 font-bold">Wind Direction</div>
            </div>
            <div class="mt-2 flex text-primary/75 self-center items-baseline">
              <div class="ml-2 sm:-mt-2 border-primary/25 text-2xl antialiased leading-none tracking-tighter" style="rotate: 51deg;"> ➣ </div>
              <div class="ml-2">1.11 km/h </div>
            </div>
          </div>
          <div class="flex flex-col items-center border-t sm:border-t-0 sm:border-r border-gray border-dotted sm:border-solid mt-2 pt-2 sm:mt-0 sm:pt-0 sm:pr-2 sm:mr-2">
            <div class="flex"><svg xmlns="http://www.w3.org/2000/svg" width="24" height="24" fill="none">
                <g clip-path="url(#a)">
                  <path fill="#77B9C8" d="M19.448 16.286C19.448 20.546 16.113 24 12 24s-7.448-3.454-7.448-7.714S12 0 12 0s7.448 12.025 7.448 16.286"></path>
                  <path fill="#fff" d="M9.93 20.276a.414.414 0 0 1-.335-.654l4.137-5.793a.414.414 0 1 1 .674.48l-4.138 5.794a.41.41 0 0 1-.337.173M9.931 16.966c-.696 0-1.241-.728-1.241-1.656s.545-1.655 1.241-1.655 1.242.727 1.242 1.655-.546 1.655-1.242 1.655m0-2.483c-.169 0-.414.322-.414.827 0 .506.245.828.414.828s.414-.322.414-.828c0-.505-.245-.827-.414-.827M14.069 20.276c-.696 0-1.241-.727-1.241-1.655s.545-1.655 1.241-1.655 1.241.726 1.241 1.655c0 .928-.545 1.655-1.241 1.655m0-2.483c-.169 0-.414.322-.414.828 0 .505.245.827.414.827s.414-.322.414-.827c0-.506-.245-.828-.414-.828"></path>
                </g>
                <defs>
                  <clipPath id="a">
                    <path fill="#fff" d="M0 0h24v24H0z"></path>
                  </clipPath>
                </defs>
              </svg>
              <div class="ml-2 font-bold">Humidity</div>
            </div>
            <div class="mt-2 text-primary/75 text-center">73%</div>
          </div>
          <div class="flex flex-col items-center border-t border-b sm:border-0 border-gray border-dotted my-2 py-2 sm:m-0 sm:p-0">
            <div class="flex"><svg xmlns="http://www.w3.org/2000/svg" width="24" height="24" fill="none">
                <g clip-path="url(#a)">
                  <path fill="#fff" d="M11.96 2.062c-5.467 0-9.898 4.431-9.898 9.898s4.431 9.899 9.898 9.899 9.899-4.432 9.899-9.899c-.01-5.463-4.436-9.888-9.899-9.898"></path>
                  <path fill="#77B9C8" d="M18.66 19.243a9.896 9.896 0 0 1-13.403 0 9.897 9.897 0 0 1 13.404 0M12.773 13.369c-.66.608-1.771.182-2.221-.596s-.265-1.954.596-2.221l7.005-2.166z"></path>
                  <path fill="#77B9C8" d="M11.96-.04c-6.628 0-12 5.372-12 12s5.372 12 12 12 12.001-5.372 12.001-12c-.012-6.623-5.378-11.989-12-12m0 21.896a9.917 9.917 0 0 1-9.888-9.499h1.06a.397.397 0 0 0 0-.794h-1.06a9.8 9.8 0 0 1 1.13-4.201l.927.529a.397.397 0 0 0 .397-.688l-.921-.53a10 10 0 0 1 3.06-3.07l.53.92a.397.397 0 0 0 .688-.397l-.53-.92a9.8 9.8 0 0 1 4.21-1.134v1.06a.397.397 0 1 0 .794.012V2.085a9.8 9.8 0 0 1 4.202 1.13l-.53.927a.397.397 0 1 0 .689.397l.53-.92a10 10 0 0 1 3.07 3.046l-.921.53a.397.397 0 1 0 .397.688l.921-.53a9.8 9.8 0 0 1 1.13 4.202h-1.058a.397.397 0 0 0 0 .795h1.059a9.917 9.917 0 0 1-9.886 9.509z"></path>
                  <path fill="#fff" d="M12.807 11.96a.847.847 0 1 1-1.694 0 .847.847 0 0 1 1.694 0"></path>
                </g>
                <defs>
                  <clipPath id="a">
                    <path fill="#fff" d="M0 0h24v24H0z"></path>
                  </clipPath>
                </defs>
              </svg>
              <div class="ml-2 font-bold">Pressure</div>
            </div>
            <div class="mt-2 text-primary/75 text-center">1010 bar</div>
          </div>
        </div>
      </div>
    </div>
  </div>
  <div class="my-4 sm:mt-8">
    <div class="text-lg leading-6 font-normal">Next Hours Forecast</div>
    <div class="mt-2 sm:mt-10 grid gap-4 sm:grid-flow-col sm:grid-rows-4">
      <div class="flex"><span class="w-8"><!--?xml version="1.0" encoding="iso-8859-1"?-->
<!-- Generator: Adobe Illustrator 19.0.0, SVG Export Plug-In . SVG Version: 6.00 Build 0)  -->
<svg version="1.1" id="Layer_1" xmlns="http://www.w3.org/2000/svg" xmlns:xlink="http://www.w3.org/1999/xlink" x="0px" y="0px" viewBox="0 0 480.247 480.247" style="enable-background:new 0 0 480.247 480.247;" xml:space="preserve">
<path style="fill:#92C7D3;" d="M426.208,157.755c-1.12,0-42.648,0-42.648,0c0.744-8.16,1.24-9.968,1.256-14.744
	c0.128-42.672-28.36-80.592-70.032-89.776c-23.752-5.232-46.424-1.68-65.184,8.44c-22.888-34.064-60.808-57.2-104.272-59.856
	c-5.592-0.768-11.256-1.304-17.056-1.304C57.432,0.515,0,59.739,0,132.803c0,38.072,15.688,72.288,40.648,96.424
	c22.072,24.488,52.72,40.304,89.008,42.936c0,0,295.432,1.464,296.552,1.464c29.712,0,53.792-25.936,53.792-57.928
	C480,183.691,455.912,157.755,426.208,157.755z"></path>
<path style="fill:#E9F4F6;" d="M249,441.067c12.68-21.96,10.224-48.496-4.104-67.552c-23.672-2.88-47.88,8.264-60.56,30.224
	s-10.232,48.496,4.104,67.552C212.112,474.171,236.32,463.027,249,441.067z"></path>
<path style="fill:#92C7D3;" d="M264.264,354.627c2.208-3.832,0.896-8.72-2.928-10.928s-8.72-0.896-10.928,2.928l-10.76,18.632
	c-25.424-0.872-49.36,12.168-62.24,34.464c-13.928,24.128-12.104,54.104,4.64,76.368c1.312,1.736,3.272,2.864,5.424,3.128
	c2.832,0.352,5.656,0.512,8.448,0.512c24.568,0,47.504-13.016,60.008-34.672c13.128-22.736,12.08-50.6-2.088-72.384L264.264,354.627
	z M242.072,437.067c-10.136,17.552-29.144,27.648-49.224,26.584c-11.008-16.784-11.72-38.368-1.584-55.92
	c8.368-14.496,22.816-23.8,38.896-26.04l-28.336,49.072c-2.208,3.832-0.896,8.72,2.928,10.928c1.264,0.728,2.64,1.072,3.992,1.072
	c2.768,0,5.456-1.44,6.936-4l28.88-50.016C251.408,404.131,250.728,422.059,242.072,437.067z"></path>
<path style="fill:#E9F4F6;" d="M74.416,383.139c24.488-6.56,41.52-27.056,44.864-50.672c-14.704-18.776-39.704-28.016-64.192-21.448
	c-24.488,6.56-41.52,27.056-44.864,50.672C24.928,380.467,49.92,389.699,74.416,383.139z"></path>
<path style="fill:#92C7D3;" d="M151.984,323.011c-1.144-4.272-5.528-6.832-9.8-5.656l-20.8,5.568
	c-17.392-18.536-43.488-26.312-68.368-19.64c-26.904,7.208-46.816,29.688-50.72,57.272c-0.304,2.16,0.28,4.344,1.624,6.056
	c13.368,17.08,33.576,26.624,54.568,26.624c5.984,0,12.024-0.776,18-2.376c25.368-6.8,44.336-27.232,49.712-52.664l20.128-5.392
	C150.592,331.667,153.128,327.275,151.984,323.011z M72.344,375.411c-19.576,5.24-40.248-1.032-53.608-16.008
	c4.08-19.656,18.84-35.416,38.424-40.664c16.16-4.32,33.016-0.704,45.936,9.088l-54.76,14.672c-4.272,1.144-6.8,5.528-5.656,9.8
	c0.96,3.576,4.184,5.928,7.72,5.928c0.68,0,1.384-0.088,2.072-0.272l55.792-14.944C102.24,358.723,89.08,370.923,72.344,375.411z"></path>
<path style="fill:#E9F4F6;" d="M408.064,423.139c-24.488-6.56-41.52-27.056-44.864-50.672
	c14.704-18.776,39.704-28.016,64.192-21.448c24.488,6.56,41.52,27.056,44.864,50.672
	C457.552,420.467,432.56,429.699,408.064,423.139z"></path>
<path style="fill:#92C7D3;" d="M429.464,343.283c-24.872-6.68-50.976,1.112-68.368,19.64l-20.808-5.576
	c-4.256-1.144-8.656,1.4-9.8,5.656c-1.144,4.264,1.392,8.656,5.656,9.8l20.136,5.392c5.384,25.424,24.344,45.864,49.712,52.664
	c5.968,1.6,12.008,2.376,17.992,2.376c20.984,0,41.192-9.544,54.56-26.624c1.344-1.712,1.928-3.896,1.624-6.056
	C476.272,372.971,456.368,350.499,429.464,343.283z M410.144,415.411c-16.736-4.488-29.896-16.688-35.928-32.408L430,397.947
	c0.696,0.184,1.392,0.272,2.08,0.272c3.528,0,6.768-2.36,7.72-5.928c1.144-4.264-1.392-8.656-5.656-9.8l-54.752-14.664
	c12.928-9.792,29.792-13.408,45.928-9.088c19.576,5.248,34.344,21.008,38.424,40.664
	C450.384,414.387,429.744,420.651,410.144,415.411z"></path>
<g>
</g>
<g>
</g>
<g>
</g>
<g>
</g>
<g>
</g>
<g>
</g>
<g>
</g>
<g>
</g>
<g>
</g>
<g>
</g>
<g>
</g>
<g>
</g>
<g>
</g>
<g>
</g>
<g>
</g>
</svg>
</span>
        <div class="flex flex-col ml-3">
          <div>12:00 AM</div>
          <div class="flex">
            <div class="font-bold">12.68º</div>
            <div class="ml-2 capitalize">overcast clouds</div>
          </div>
        </div>
      </div>
      <div class="flex"><span class="w-8"><!--?xml version="1.0" encoding="iso-8859-1"?-->
<!-- Generator: Adobe Illustrator 19.0.0, SVG Export Plug-In . SVG Version: 6.00 Build 0)  -->
<svg version="1.1" id="Layer_1" xmlns="http://www.w3.org/2000/svg" xmlns:xlink="http://www.w3.org/1999/xlink" x="0px" y="0px" viewBox="0 0 480.247 480.247" style="enable-background:new 0 0 480.247 480.247;" xml:space="preserve">
<path style="fill:#92C7D3;" d="M426.208,157.755c-1.12,0-42.648,0-42.648,0c0.744-8.16,1.24-9.968,1.256-14.744
	c0.128-42.672-28.36-80.592-70.032-89.776c-23.752-5.232-46.424-1.68-65.184,8.44c-22.888-34.064-60.808-57.2-104.272-59.856
	c-5.592-0.768-11.256-1.304-17.056-1.304C57.432,0.515,0,59.739,0,132.803c0,38.072,15.688,72.288,40.648,96.424
	c22.072,24.488,52.72,40.304,89.008,42.936c0,0,295.432,1.464,296.552,1.464c29.712,0,53.792-25.936,53.792-57.928
	C480,183.691,455.912,157.755,426.208,157.755z"></path>
<path style="fill:#E9F4F6;" d="M249,441.067c12.68-21.96,10.224-48.496-4.104-67.552c-23.672-2.88-47.88,8.264-60.56,30.224
	s-10.232,48.496,4.104,67.552C212.112,474.171,236.32,463.027,249,441.067z"></path>
<path style="fill:#92C7D3;" d="M264.264,354.627c2.208-3.832,0.896-8.72-2.928-10.928s-8.72-0.896-10.928,2.928l-10.76,18.632
	c-25.424-0.872-49.36,12.168-62.24,34.464c-13.928,24.128-12.104,54.104,4.64,76.368c1.312,1.736,3.272,2.864,5.424,3.128
	c2.832,0.352,5.656,0.512,8.448,0.512c24.568,0,47.504-13.016,60.008-34.672c13.128-22.736,12.08-50.6-2.088-72.384L264.264,354.627
	z M242.072,437.067c-10.136,17.552-29.144,27.648-49.224,26.584c-11.008-16.784-11.72-38.368-1.584-55.92
	c8.368-14.496,22.816-23.8,38.896-26.04l-28.336,49.072c-2.208,3.832-0.896,8.72,2.928,10.928c1.264,0.728,2.64,1.072,3.992,1.072
	c2.768,0,5.456-1.44,6.936-4l28.88-50.016C251.408,404.131,250.728,422.059,242.072,437.067z"></path>
<path style="fill:#E9F4F6;" d="M74.416,383.139c24.488-6.56,41.52-27.056,44.864-50.672c-14.704-18.776-39.704-28.016-64.192-21.448
	c-24.488,6.56-41.52,27.056-44.864,50.672C24.928,380.467,49.92,389.699,74.416,383.139z"></path>
<path style="fill:#92C7D3;" d="M151.984,323.011c-1.144-4.272-5.528-6.832-9.8-5.656l-20.8,5.568
	c-17.392-18.536-43.488-26.312-68.368-19.64c-26.904,7.208-46.816,29.688-50.72,57.272c-0.304,2.16,0.28,4.344,1.624,6.056
	c13.368,17.08,33.576,26.624,54.568,26.624c5.984,0,12.024-0.776,18-2.376c25.368-6.8,44.336-27.232,49.712-52.664l20.128-5.392
	C150.592,331.667,153.128,327.275,151.984,323.011z M72.344,375.411c-19.576,5.24-40.248-1.032-53.608-16.008
	c4.08-19.656,18.84-35.416,38.424-40.664c16.16-4.32,33.016-0.704,45.936,9.088l-54.76,14.672c-4.272,1.144-6.8,5.528-5.656,9.8
	c0.96,3.576,4.184,5.928,7.72,5.928c0.68,0,1.384-0.088,2.072-0.272l55.792-14.944C102.24,358.723,89.08,370.923,72.344,375.411z"></path>
<path style="fill:#E9F4F6;" d="M408.064,423.139c-24.488-6.56-41.52-27.056-44.864-50.672
	c14.704-18.776,39.704-28.016,64.192-21.448c24.488,6.56,41.52,27.056,44.864,50.672
	C457.552,420.467,432.56,429.699,408.064,423.139z"></path>
<path style="fill:#92C7D3;" d="M429.464,343.283c-24.872-6.68-50.976,1.112-68.368,19.64l-20.808-5.576
	c-4.256-1.144-8.656,1.4-9.8,5.656c-1.144,4.264,1.392,8.656,5.656,9.8l20.136,5.392c5.384,25.424,24.344,45.864,49.712,52.664
	c5.968,1.6,12.008,2.376,17.992,2.376c20.984,0,41.192-9.544,54.56-26.624c1.344-1.712,1.928-3.896,1.624-6.056
	C476.272,372.971,456.368,350.499,429.464,343.283z M410.144,415.411c-16.736-4.488-29.896-16.688-35.928-32.408L430,397.947
	c0.696,0.184,1.392,0.272,2.08,0.272c3.528,0,6.768-2.36,7.72-5.928c1.144-4.264-1.392-8.656-5.656-9.8l-54.752-14.664
	c12.928-9.792,29.792-13.408,45.928-9.088c19.576,5.248,34.344,21.008,38.424,40.664
	C450.384,414.387,429.744,420.651,410.144,415.411z"></path>
<g>
</g>
<g>
</g>
<g>
</g>
<g>
</g>
<g>
</g>
<g>
</g>
<g>
</g>
<g>
</g>
<g>
</g>
<g>
</g>
<g>
</g>
<g>
</g>
<g>
</g>
<g>
</g>
<g>
</g>
</svg>
</span>
        <div class="flex flex-col ml-3">
          <div>3:00 AM</div>
          <div class="flex">
            <div class="font-bold">12.5º</div>
            <div class="ml-2 capitalize">broken clouds</div>
          </div>
        </div>
      </div>
      <div class="flex"><span class="w-8"><!--?xml version="1.0" encoding="iso-8859-1"?-->
<!-- Generator: Adobe Illustrator 19.0.0, SVG Export Plug-In . SVG Version: 6.00 Build 0)  -->
<svg version="1.1" id="Layer_1" xmlns="http://www.w3.org/2000/svg" xmlns:xlink="http://www.w3.org/1999/xlink" x="0px" y="0px" viewBox="0 0 481.306 481.306" style="enable-background:new 0 0 481.306 481.306;" xml:space="preserve">
<g>
	<ellipse style="fill:#FCB641;" cx="341.632" cy="233.229" rx="136" ry="133.456"></ellipse>
	<path style="fill:#FCB641;" d="M336,65.453c-4.416,0-8-3.584-8-8v-48c0-4.416,3.584-8,8-8s8,3.584,8,8v48
		C344,61.869,340.416,65.453,336,65.453z"></path>
	<path style="fill:#FCB641;" d="M439.36,98.757c-2.048,0-4.096-0.784-5.656-2.344c-3.128-3.128-3.128-8.184,0-11.312l33.944-33.944
		c3.128-3.128,8.184-3.128,11.312,0s3.128,8.184,0,11.312l-33.944,33.944C443.456,97.973,441.408,98.757,439.36,98.757z"></path>
	<path style="fill:#FCB641;" d="M208.968,122.421c-2.048,0-4.096-0.784-5.656-2.344l-33.936-33.936
		c-3.128-3.128-3.128-8.184,0-11.312s8.184-3.128,11.312,0l33.936,33.936c3.128,3.128,3.128,8.184,0,11.312
		C213.064,121.637,211.016,122.421,208.968,122.421z"></path>
</g>
<path style="fill:#92C7D3;" d="M426.208,361.453c-1.12,0-42.648,0-42.648,0c0.744-8,1.24-8.688,1.256-13.472
	c0.128-42.672-28.36-79.952-70.032-89.136c-23.752-5.232-46.424-1.368-65.184,8.76c-22.888-34.064-60.808-57.04-104.272-59.696
	c-5.592-0.768-11.256-1.224-17.056-1.224C57.432,206.685,0,265.949,0,339.005c0,38.072,15.688,72.304,40.648,96.44
	c22.072,24.488,52.72,40.312,89.008,42.944c0,0,295.432,1.464,296.552,1.464c29.712,0,53.792-27.208,53.792-59.208
	C480,388.661,455.912,361.453,426.208,361.453z"></path>
<g>
</g>
<g>
</g>
<g>
</g>
<g>
</g>
<g>
</g>
<g>
</g>
<g>
</g>
<g>
</g>
<g>
</g>
<g>
</g>
<g>
</g>
<g>
</g>
<g>
</g>
<g>
</g>
<g>
</g>
</svg>
</span>
        <div class="flex flex-col ml-3">
          <div>6:00 AM</div>
          <div class="flex">
            <div class="font-bold">16.91º</div>
            <div class="ml-2 capitalize">few clouds</div>
          </div>
        </div>
      </div>
      <div class="flex"><span class="w-8"><!--?xml version="1.0" encoding="iso-8859-1"?-->
<!-- Generator: Adobe Illustrator 19.0.0, SVG Export Plug-In . SVG Version: 6.00 Build 0)  -->
<svg version="1.1" id="Layer_1" xmlns="http://www.w3.org/2000/svg" xmlns:xlink="http://www.w3.org/1999/xlink" x="0px" y="0px" viewBox="0 0 481.306 481.306" style="enable-background:new 0 0 481.306 481.306;" xml:space="preserve">
<g>
	<ellipse style="fill:#FCB641;" cx="341.632" cy="233.229" rx="136" ry="133.456"></ellipse>
	<path style="fill:#FCB641;" d="M336,65.453c-4.416,0-8-3.584-8-8v-48c0-4.416,3.584-8,8-8s8,3.584,8,8v48
		C344,61.869,340.416,65.453,336,65.453z"></path>
	<path style="fill:#FCB641;" d="M439.36,98.757c-2.048,0-4.096-0.784-5.656-2.344c-3.128-3.128-3.128-8.184,0-11.312l33.944-33.944
		c3.128-3.128,8.184-3.128,11.312,0s3.128,8.184,0,11.312l-33.944,33.944C443.456,97.973,441.408,98.757,439.36,98.757z"></path>
	<path style="fill:#FCB641;" d="M208.968,122.421c-2.048,0-4.096-0.784-5.656-2.344l-33.936-33.936
		c-3.128-3.128-3.128-8.184,0-11.312s8.184-3.128,11.312,0l33.936,33.936c3.128,3.128,3.128,8.184,0,11.312
		C213.064,121.637,211.016,122.421,208.968,122.421z"></path>
</g>
<path style="fill:#92C7D3;" d="M426.208,361.453c-1.12,0-42.648,0-42.648,0c0.744-8,1.24-8.688,1.256-13.472
	c0.128-42.672-28.36-79.952-70.032-89.136c-23.752-5.232-46.424-1.368-65.184,8.76c-22.888-34.064-60.808-57.04-104.272-59.696
	c-5.592-0.768-11.256-1.224-17.056-1.224C57.432,206.685,0,265.949,0,339.005c0,38.072,15.688,72.304,40.648,96.44
	c22.072,24.488,52.72,40.312,89.008,42.944c0,0,295.432,1.464,296.552,1.464c29.712,0,53.792-27.208,53.792-59.208
	C480,388.661,455.912,361.453,426.208,361.453z"></path>
<g>
</g>
<g>
</g>
<g>
</g>
<g>
</g>
<g>
</g>
<g>
</g>
<g>
</g>
<g>
</g>
<g>
</g>
<g>
</g>
<g>
</g>
<g>
</g>
<g>
</g>
<g>
</g>
<g>
</g>
</svg>
</span>
        <div class="flex flex-col ml-3">
          <div>9:00 AM</div>
          <div class="flex">
            <div class="font-bold">20.01º</div>
            <div class="ml-2 capitalize">few clouds</div>
          </div>
        </div>
      </div>
      <div class="flex"><span class="w-8"><!--?xml version="1.0" encoding="iso-8859-1"?-->
<!-- Generator: Adobe Illustrator 19.0.0, SVG Export Plug-In . SVG Version: 6.00 Build 0)  -->
<svg version="1.1" id="Layer_1" xmlns="http://www.w3.org/2000/svg" xmlns:xlink="http://www.w3.org/1999/xlink" x="0px" y="0px" viewBox="0 0 481.306 481.306" style="enable-background:new 0 0 481.306 481.306;" xml:space="preserve">
<g>
	<ellipse style="fill:#FCB641;" cx="341.632" cy="233.229" rx="136" ry="133.456"></ellipse>
	<path style="fill:#FCB641;" d="M336,65.453c-4.416,0-8-3.584-8-8v-48c0-4.416,3.584-8,8-8s8,3.584,8,8v48
		C344,61.869,340.416,65.453,336,65.453z"></path>
	<path style="fill:#FCB641;" d="M439.36,98.757c-2.048,0-4.096-0.784-5.656-2.344c-3.128-3.128-3.128-8.184,0-11.312l33.944-33.944
		c3.128-3.128,8.184-3.128,11.312,0s3.128,8.184,0,11.312l-33.944,33.944C443.456,97.973,441.408,98.757,439.36,98.757z"></path>
	<path style="fill:#FCB641;" d="M208.968,122.421c-2.048,0-4.096-0.784-5.656-2.344l-33.936-33.936
		c-3.128-3.128-3.128-8.184,0-11.312s8.184-3.128,11.312,0l33.936,33.936c3.128,3.128,3.128,8.184,0,11.312
		C213.064,121.637,211.016,122.421,208.968,122.421z"></path>
</g>
<path style="fill:#92C7D3;" d="M426.208,361.453c-1.12,0-42.648,0-42.648,0c0.744-8,1.24-8.688,1.256-13.472
	c0.128-42.672-28.36-79.952-70.032-89.136c-23.752-5.232-46.424-1.368-65.184,8.76c-22.888-34.064-60.808-57.04-104.272-59.696
	c-5.592-0.768-11.256-1.224-17.056-1.224C57.432,206.685,0,265.949,0,339.005c0,38.072,15.688,72.304,40.648,96.44
	c22.072,24.488,52.72,40.312,89.008,42.944c0,0,295.432,1.464,296.552,1.464c29.712,0,53.792-27.208,53.792-59.208
	C480,388.661,455.912,361.453,426.208,361.453z"></path>
<g>
</g>
<g>
</g>
<g>
</g>
<g>
</g>
<g>
</g>
<g>
</g>
<g>
</g>
<g>
</g>
<g>
</g>
<g>
</g>
<g>
</g>
<g>
</g>
<g>
</g>
<g>
</g>
<g>
</g>
</svg>
</span>
        <div class="flex flex-col ml-3">
          <div>12:00 PM</div>
          <div class="flex">
            <div class="font-bold">19.93º</div>
            <div class="ml-2 capitalize">few clouds</div>
          </div>
        </div>
      </div>
      <div class="flex"><span class="w-8"><svg viewBox="0 0 32 32" fill="none" xmlns="http://www.w3.org/2000/svg">
<path d="M7.23829 20L8.23879 22.0277L10.4766 22.353L8.85744 23.9311L9.23983 26.1598L7.23829 25.1076L5.23676 26.1598L5.61915 23.9311L4 22.353L6.23779 22.0277L7.23829 20Z" fill="#FCE674"></path>
<path d="M19.2383 26L20.2388 28.0277L22.4766 28.353L20.8574 29.9311L21.2398 32.1598L19.2383 31.1076L17.2368 32.1598L17.6191 29.9311L16 28.353L18.2378 28.0277L19.2383 26Z" fill="#FCE674"></path>
<path d="M16.2383 10L17.2393 12.0277L19.4771 12.353L17.858 13.9316L18.2398 16.1598L16.2383 15.1076L14.2373 16.1598L14.6191 13.9316L13 12.353L15.2378 12.0277L16.2383 10Z" fill="#FCE674"></path>
<path d="M24.1992 10C24.8845 11.1472 25.2861 12.4842 25.2861 13.9177C25.2861 18.1469 21.8574 21.5756 17.6282 21.5756C17.6186 21.5756 17.6096 21.574 17.6 21.574C18.937 23.8118 21.3753 25.3147 24.1715 25.3147C28.4007 25.3147 31.8294 21.886 31.8294 17.6568C31.8294 13.4367 28.4156 10.0155 24.1992 10Z" fill="#FCE674"></path>
<path d="M5.10328 9.95166L6.10378 11.9793L8.34157 12.3046L6.72243 13.8827L7.10482 16.1114L5.10328 15.0592L3.10175 16.1114L3.48414 13.8827L1.86499 12.3046L4.10278 11.9793L5.10328 9.95166Z" fill="#FCE674"></path>
<path d="M12.8273 0.0202637L13.8283 2.04793L16.0661 2.37325L14.447 3.95187L14.8288 6.18006L12.8273 5.12783L10.8263 6.18006L11.2081 3.95187L9.58899 2.37325L11.8268 2.04793L12.8273 0.0202637Z" fill="#FCE674"></path>
</svg>
</span>
        <div class="flex flex-col ml-3">
          <div>3:00 PM</div>
          <div class="flex">
            <div class="font-bold">16.52º</div>
            <div class="ml-2 capitalize">clear sky</div>
          </div>
        </div>
      </div>
      <div class="flex"><span class="w-8"><!--?xml version="1.0" encoding="iso-8859-1"?-->
<!-- Generator: Adobe Illustrator 19.0.0, SVG Export Plug-In . SVG Version: 6.00 Build 0)  -->
<svg version="1.1" id="Layer_1" xmlns="http://www.w3.org/2000/svg" xmlns:xlink="http://www.w3.org/1999/xlink" x="0px" y="0px" viewBox="0 0 480.247 480.247" style="enable-background:new 0 0 480.247 480.247;" xml:space="preserve">
<path style="fill:#92C7D3;" d="M426.208,157.755c-1.12,0-42.648,0-42.648,0c0.744-8.16,1.24-9.968,1.256-14.744
	c0.128-42.672-28.36-80.592-70.032-89.776c-23.752-5.232-46.424-1.68-65.184,8.44c-22.888-34.064-60.808-57.2-104.272-59.856
	c-5.592-0.768-11.256-1.304-17.056-1.304C57.432,0.515,0,59.739,0,132.803c0,38.072,15.688,72.288,40.648,96.424
	c22.072,24.488,52.72,40.304,89.008,42.936c0,0,295.432,1.464,296.552,1.464c29.712,0,53.792-25.936,53.792-57.928
	C480,183.691,455.912,157.755,426.208,157.755z"></path>
<path style="fill:#E9F4F6;" d="M249,441.067c12.68-21.96,10.224-48.496-4.104-67.552c-23.672-2.88-47.88,8.264-60.56,30.224
	s-10.232,48.496,4.104,67.552C212.112,474.171,236.32,463.027,249,441.067z"></path>
<path style="fill:#92C7D3;" d="M264.264,354.627c2.208-3.832,0.896-8.72-2.928-10.928s-8.72-0.896-10.928,2.928l-10.76,18.632
	c-25.424-0.872-49.36,12.168-62.24,34.464c-13.928,24.128-12.104,54.104,4.64,76.368c1.312,1.736,3.272,2.864,5.424,3.128
	c2.832,0.352,5.656,0.512,8.448,0.512c24.568,0,47.504-13.016,60.008-34.672c13.128-22.736,12.08-50.6-2.088-72.384L264.264,354.627
	z M242.072,437.067c-10.136,17.552-29.144,27.648-49.224,26.584c-11.008-16.784-11.72-38.368-1.584-55.92
	c8.368-14.496,22.816-23.8,38.896-26.04l-28.336,49.072c-2.208,3.832-0.896,8.72,2.928,10.928c1.264,0.728,2.64,1.072,3.992,1.072
	c2.768,0,5.456-1.44,6.936-4l28.88-50.016C251.408,404.131,250.728,422.059,242.072,437.067z"></path>
<path style="fill:#E9F4F6;" d="M74.416,383.139c24.488-6.56,41.52-27.056,44.864-50.672c-14.704-18.776-39.704-28.016-64.192-21.448
	c-24.488,6.56-41.52,27.056-44.864,50.672C24.928,380.467,49.92,389.699,74.416,383.139z"></path>
<path style="fill:#92C7D3;" d="M151.984,323.011c-1.144-4.272-5.528-6.832-9.8-5.656l-20.8,5.568
	c-17.392-18.536-43.488-26.312-68.368-19.64c-26.904,7.208-46.816,29.688-50.72,57.272c-0.304,2.16,0.28,4.344,1.624,6.056
	c13.368,17.08,33.576,26.624,54.568,26.624c5.984,0,12.024-0.776,18-2.376c25.368-6.8,44.336-27.232,49.712-52.664l20.128-5.392
	C150.592,331.667,153.128,327.275,151.984,323.011z M72.344,375.411c-19.576,5.24-40.248-1.032-53.608-16.008
	c4.08-19.656,18.84-35.416,38.424-40.664c16.16-4.32,33.016-0.704,45.936,9.088l-54.76,14.672c-4.272,1.144-6.8,5.528-5.656,9.8
	c0.96,3.576,4.184,5.928,7.72,5.928c0.68,0,1.384-0.088,2.072-0.272l55.792-14.944C102.24,358.723,89.08,370.923,72.344,375.411z"></path>
<path style="fill:#E9F4F6;" d="M408.064,423.139c-24.488-6.56-41.52-27.056-44.864-50.672
	c14.704-18.776,39.704-28.016,64.192-21.448c24.488,6.56,41.52,27.056,44.864,50.672
	C457.552,420.467,432.56,429.699,408.064,423.139z"></path>
<path style="fill:#92C7D3;" d="M429.464,343.283c-24.872-6.68-50.976,1.112-68.368,19.64l-20.808-5.576
	c-4.256-1.144-8.656,1.4-9.8,5.656c-1.144,4.264,1.392,8.656,5.656,9.8l20.136,5.392c5.384,25.424,24.344,45.864,49.712,52.664
	c5.968,1.6,12.008,2.376,17.992,2.376c20.984,0,41.192-9.544,54.56-26.624c1.344-1.712,1.928-3.896,1.624-6.056
	C476.272,372.971,456.368,350.499,429.464,343.283z M410.144,415.411c-16.736-4.488-29.896-16.688-35.928-32.408L430,397.947
	c0.696,0.184,1.392,0.272,2.08,0.272c3.528,0,6.768-2.36,7.72-5.928c1.144-4.264-1.392-8.656-5.656-9.8l-54.752-14.664
	c12.928-9.792,29.792-13.408,45.928-9.088c19.576,5.248,34.344,21.008,38.424,40.664
	C450.384,414.387,429.744,420.651,410.144,415.411z"></path>
<g>
</g>
<g>
</g>
<g>
</g>
<g>
</g>
<g>
</g>
<g>
</g>
<g>
</g>
<g>
</g>
<g>
</g>
<g>
</g>
<g>
</g>
<g>
</g>
<g>
</g>
<g>
</g>
<g>
</g>
</svg>
</span>
        <div class="flex flex-col ml-3">
          <div>6:00 PM</div>
          <div class="flex">
            <div class="font-bold">15.16º</div>
            <div class="ml-2 capitalize">broken clouds</div>
          </div>
        </div>
      </div>
      <div class="flex"><span class="w-8"><!--?xml version="1.0" encoding="iso-8859-1"?-->
<!-- Generator: Adobe Illustrator 19.0.0, SVG Export Plug-In . SVG Version: 6.00 Build 0)  -->
<svg version="1.1" id="Layer_1" xmlns="http://www.w3.org/2000/svg" xmlns:xlink="http://www.w3.org/1999/xlink" x="0px" y="0px" viewBox="0 0 480.247 480.247" style="enable-background:new 0 0 480.247 480.247;" xml:space="preserve">
<path style="fill:#92C7D3;" d="M426.208,157.755c-1.12,0-42.648,0-42.648,0c0.744-8.16,1.24-9.968,1.256-14.744
	c0.128-42.672-28.36-80.592-70.032-89.776c-23.752-5.232-46.424-1.68-65.184,8.44c-22.888-34.064-60.808-57.2-104.272-59.856
	c-5.592-0.768-11.256-1.304-17.056-1.304C57.432,0.515,0,59.739,0,132.803c0,38.072,15.688,72.288,40.648,96.424
	c22.072,24.488,52.72,40.304,89.008,42.936c0,0,295.432,1.464,296.552,1.464c29.712,0,53.792-25.936,53.792-57.928
	C480,183.691,455.912,157.755,426.208,157.755z"></path>
<path style="fill:#E9F4F6;" d="M249,441.067c12.68-21.96,10.224-48.496-4.104-67.552c-23.672-2.88-47.88,8.264-60.56,30.224
	s-10.232,48.496,4.104,67.552C212.112,474.171,236.32,463.027,249,441.067z"></path>
<path style="fill:#92C7D3;" d="M264.264,354.627c2.208-3.832,0.896-8.72-2.928-10.928s-8.72-0.896-10.928,2.928l-10.76,18.632
	c-25.424-0.872-49.36,12.168-62.24,34.464c-13.928,24.128-12.104,54.104,4.64,76.368c1.312,1.736,3.272,2.864,5.424,3.128
	c2.832,0.352,5.656,0.512,8.448,0.512c24.568,0,47.504-13.016,60.008-34.672c13.128-22.736,12.08-50.6-2.088-72.384L264.264,354.627
	z M242.072,437.067c-10.136,17.552-29.144,27.648-49.224,26.584c-11.008-16.784-11.72-38.368-1.584-55.92
	c8.368-14.496,22.816-23.8,38.896-26.04l-28.336,49.072c-2.208,3.832-0.896,8.72,2.928,10.928c1.264,0.728,2.64,1.072,3.992,1.072
	c2.768,0,5.456-1.44,6.936-4l28.88-50.016C251.408,404.131,250.728,422.059,242.072,437.067z"></path>
<path style="fill:#E9F4F6;" d="M74.416,383.139c24.488-6.56,41.52-27.056,44.864-50.672c-14.704-18.776-39.704-28.016-64.192-21.448
	c-24.488,6.56-41.52,27.056-44.864,50.672C24.928,380.467,49.92,389.699,74.416,383.139z"></path>
<path style="fill:#92C7D3;" d="M151.984,323.011c-1.144-4.272-5.528-6.832-9.8-5.656l-20.8,5.568
	c-17.392-18.536-43.488-26.312-68.368-19.64c-26.904,7.208-46.816,29.688-50.72,57.272c-0.304,2.16,0.28,4.344,1.624,6.056
	c13.368,17.08,33.576,26.624,54.568,26.624c5.984,0,12.024-0.776,18-2.376c25.368-6.8,44.336-27.232,49.712-52.664l20.128-5.392
	C150.592,331.667,153.128,327.275,151.984,323.011z M72.344,375.411c-19.576,5.24-40.248-1.032-53.608-16.008
	c4.08-19.656,18.84-35.416,38.424-40.664c16.16-4.32,33.016-0.704,45.936,9.088l-54.76,14.672c-4.272,1.144-6.8,5.528-5.656,9.8
	c0.96,3.576,4.184,5.928,7.72,5.928c0.68,0,1.384-0.088,2.072-0.272l55.792-14.944C102.24,358.723,89.08,370.923,72.344,375.411z"></path>
<path style="fill:#E9F4F6;" d="M408.064,423.139c-24.488-6.56-41.52-27.056-44.864-50.672
	c14.704-18.776,39.704-28.016,64.192-21.448c24.488,6.56,41.52,27.056,44.864,50.672
	C457.552,420.467,432.56,429.699,408.064,423.139z"></path>
<path style="fill:#92C7D3;" d="M429.464,343.283c-24.872-6.68-50.976,1.112-68.368,19.64l-20.808-5.576
	c-4.256-1.144-8.656,1.4-9.8,5.656c-1.144,4.264,1.392,8.656,5.656,9.8l20.136,5.392c5.384,25.424,24.344,45.864,49.712,52.664
	c5.968,1.6,12.008,2.376,17.992,2.376c20.984,0,41.192-9.544,54.56-26.624c1.344-1.712,1.928-3.896,1.624-6.056
	C476.272,372.971,456.368,350.499,429.464,343.283z M410.144,415.411c-16.736-4.488-29.896-16.688-35.928-32.408L430,397.947
	c0.696,0.184,1.392,0.272,2.08,0.272c3.528,0,6.768-2.36,7.72-5.928c1.144-4.264-1.392-8.656-5.656-9.8l-54.752-14.664
	c12.928-9.792,29.792-13.408,45.928-9.088c19.576,5.248,34.344,21.008,38.424,40.664
	C450.384,414.387,429.744,420.651,410.144,415.411z"></path>
<g>
</g>
<g>
</g>
<g>
</g>
<g>
</g>
<g>
</g>
<g>
</g>
<g>
</g>
<g>
</g>
<g>
</g>
<g>
</g>
<g>
</g>
<g>
</g>
<g>
</g>
<g>
</g>
<g>
</g>
</svg>
</span>
        <div class="flex flex-col ml-3">
          <div>9:00 PM</div>
          <div class="flex">
            <div class="font-bold">14.21º</div>
            <div class="ml-2 capitalize">broken clouds</div>
          </div>
        </div>
      </div>
    </div>
  </div>
</div>"
`;
