// Vitest Snapshot v1, https://vitest.dev/guide/snapshot.html

exports[`LoadingPanel > renders the component properly 1`] = `"<v-panel-stub separator="false" titleorientation="column" bgcolor="bg-secondary/80" class="max-w-64"></v-panel-stub>"`;
